---
source: compiler/sigilc/src/parser/tests.rs
expression: module
---
Module {
    name: "test.si",
    items: [
        TypeDef(
            TypeDef {
                public: false,
                name: "User",
                params: [],
                kind: Struct(
                    [
                        Field {
                            name: "id",
                            ty: Named(
                                "int",
                            ),
                        },
                        Field {
                            name: "name",
                            ty: Named(
                                "str",
                            ),
                        },
                        Field {
                            name: "email",
                            ty: Optional(
                                Named(
                                    "str",
                                ),
                            ),
                        },
                    ],
                ),
                span: 0..45,
            },
        ),
    ],
}
